This is Ipopt version 3.13.4, running with linear solver mumps.
NOTE: Other linear solvers might be more efficient (see Ipopt documentation).

Number of nonzeros in equality constraint Jacobian...:        0
Number of nonzeros in inequality constraint Jacobian.:        0
Number of nonzeros in Lagrangian Hessian.............:        6

Total number of variables............................:        3
                     variables with only lower bounds:        0
                variables with lower and upper bounds:        0
                     variables with only upper bounds:        0
Total number of equality constraints.................:        0
Total number of inequality constraints...............:        0
        inequality constraints with only lower bounds:        0
   inequality constraints with lower and upper bounds:        0
        inequality constraints with only upper bounds:        0

iter    objective    inf_pr   inf_du lg(mu)  ||d||  lg(rg) alpha_du alpha_pr  ls
   0  1.8845685e+00 0.00e+00 5.36e+00  -1.0 0.00e+00    -  0.00e+00 0.00e+00   0
   1  2.4967976e-01 0.00e+00 6.82e-01  -1.0 1.11e+01  -2.0 1.00e+00 1.00e+00f  1
   2  4.3865429e-02 0.00e+00 3.17e-01  -1.7 3.21e+00    -  1.00e+00 1.00e+00f  1
   3  1.9892320e-02 0.00e+00 1.71e-01  -1.7 1.07e+01    -  1.00e+00 5.00e-01f  2
   4  3.1144536e-03 0.00e+00 5.78e-02  -2.5 7.34e-01    -  1.00e+00 1.00e+00f  1
   5  3.0693855e-04 0.00e+00 1.16e-02  -2.5 1.38e+00    -  1.00e+00 1.00e+00f  1
   6  8.3283023e-06 0.00e+00 1.99e-03  -3.8 3.67e-01    -  1.00e+00 1.00e+00f  1
   7  1.1931746e-08 0.00e+00 6.18e-05  -3.8 1.00e-01    -  1.00e+00 1.00e+00f  1
   8  2.8693753e-14 0.00e+00 1.06e-07  -5.7 3.30e-03    -  1.00e+00 1.00e+00f  1

Number of Iterations....: 8

                                   (scaled)                 (unscaled)
Objective...............:   2.8693753296202327e-14    2.8693753296202327e-14
Dual infeasibility......:   1.0610929639701921e-07    1.0610929639701921e-07
Constraint violation....:   0.0000000000000000e+00    0.0000000000000000e+00
Complementarity.........:   0.0000000000000000e+00    0.0000000000000000e+00
Overall NLP error.......:   1.0610929639701921e-07    1.0610929639701921e-07


Number of objective function evaluations             = 14
Number of objective gradient evaluations             = 9
Number of equality constraint evaluations            = 0
Number of inequality constraint evaluations          = 0
Number of equality constraint Jacobian evaluations   = 0
Number of inequality constraint Jacobian evaluations = 0
Number of Lagrangian Hessian evaluations             = 8
Total CPU secs in IPOPT (w/o function evaluations)   =      0.003
Total CPU secs in NLP function evaluations           =      0.000

EXIT: Optimal Solution Found.
