This is Ipopt version 3.13.4, running with linear solver mumps.
NOTE: Other linear solvers might be more efficient (see Ipopt documentation).

Number of nonzeros in equality constraint Jacobian...:        0
Number of nonzeros in inequality constraint Jacobian.:        0
Number of nonzeros in Lagrangian Hessian.............:    20100

Total number of variables............................:      200
                     variables with only lower bounds:        0
                variables with lower and upper bounds:        0
                     variables with only upper bounds:        0
Total number of equality constraints.................:        0
Total number of inequality constraints...............:        0
        inequality constraints with only lower bounds:        0
   inequality constraints with lower and upper bounds:        0
        inequality constraints with only upper bounds:        0

iter    objective    inf_pr   inf_du lg(mu)  ||d||  lg(rg) alpha_du alpha_pr  ls
   0  2.0099507e+06 0.00e+00 1.00e+02  -1.0 0.00e+00    -  0.00e+00 0.00e+00   0
   1  4.6756856e-02 0.00e+00 1.27e-03  -1.0 5.19e-01  -4.0 1.00e+00 1.00e+00f  1
   2  1.5488708e-03 0.00e+00 2.03e-04  -5.7 7.21e-01    -  1.00e+00 1.00e+00f  1
   3  3.6788883e-06 0.00e+00 9.56e-06  -5.7 7.35e-01    -  1.00e+00 1.00e+00f  1
   4  2.4450944e-11 0.00e+00 2.46e-08  -7.6 3.82e-02    -  1.00e+00 1.00e+00f  1

Number of Iterations....: 4

                                   (scaled)                 (unscaled)
Objective...............:   6.0823238945964824e-14    2.4450944429865407e-11
Dual infeasibility......:   2.4601307770008431e-08    9.8897266835935091e-06
Constraint violation....:   0.0000000000000000e+00    0.0000000000000000e+00
Complementarity.........:   0.0000000000000000e+00    0.0000000000000000e+00
Overall NLP error.......:   2.4601307770008431e-08    9.8897266835935091e-06


Number of objective function evaluations             = 5
Number of objective gradient evaluations             = 5
Number of equality constraint evaluations            = 0
Number of inequality constraint evaluations          = 0
Number of equality constraint Jacobian evaluations   = 0
Number of inequality constraint Jacobian evaluations = 0
Number of Lagrangian Hessian evaluations             = 4
Total CPU secs in IPOPT (w/o function evaluations)   =      0.076
Total CPU secs in NLP function evaluations           =      0.560

EXIT: Optimal Solution Found.
