This is Ipopt version 3.13.4, running with linear solver mumps.
NOTE: Other linear solvers might be more efficient (see Ipopt documentation).

Number of nonzeros in equality constraint Jacobian...:        0
Number of nonzeros in inequality constraint Jacobian.:        0
Number of nonzeros in Lagrangian Hessian.............:     9999

Total number of variables............................:     5000
                     variables with only lower bounds:        0
                variables with lower and upper bounds:        0
                     variables with only upper bounds:        0
Total number of equality constraints.................:        0
Total number of inequality constraints...............:        0
        inequality constraints with only lower bounds:        0
   inequality constraints with lower and upper bounds:        0
        inequality constraints with only upper bounds:        0

iter    objective    inf_pr   inf_du lg(mu)  ||d||  lg(rg) alpha_du alpha_pr  ls
   0  5.0485565e+06 0.00e+00 1.00e+02  -1.0 0.00e+00    -  0.00e+00 0.00e+00   0
   1  2.8006121e+06 0.00e+00 5.64e+01  -1.0 6.36e-01   2.0 1.00e+00 1.00e+00f  1
   2  1.8307676e+06 0.00e+00 8.32e+01  -1.0 3.58e+00    -  1.00e+00 5.00e-01f  2
   3  6.8925271e+05 0.00e+00 1.78e+01  -1.0 5.07e+00    -  1.00e+00 1.00e+00f  1
   4  6.0892246e+05 0.00e+00 2.23e+00  -1.0 3.82e+00    -  1.00e+00 1.00e+00f  1
   5  6.0815928e+05 0.00e+00 1.76e-01  -1.0 1.04e+00    -  1.00e+00 1.00e+00f  1
   6  6.0815919e+05 0.00e+00 7.09e-04  -2.5 4.86e-02    -  1.00e+00 1.00e+00f  1
   7  6.0815919e+05 0.00e+00 1.28e-08  -5.7 2.27e-04    -  1.00e+00 1.00e+00f  1

Number of Iterations....: 7

                                   (scaled)                 (unscaled)
Objective...............:   4.4586450809851769e+04    6.0815918904637813e+05
Dual infeasibility......:   1.2807446338399754e-08    1.7469356805577263e-07
Constraint violation....:   0.0000000000000000e+00    0.0000000000000000e+00
Complementarity.........:   0.0000000000000000e+00    0.0000000000000000e+00
Overall NLP error.......:   1.2807446338399754e-08    1.7469356805577263e-07


Number of objective function evaluations             = 13
Number of objective gradient evaluations             = 8
Number of equality constraint evaluations            = 0
Number of inequality constraint evaluations          = 0
Number of equality constraint Jacobian evaluations   = 0
Number of inequality constraint Jacobian evaluations = 0
Number of Lagrangian Hessian evaluations             = 7
Total CPU secs in IPOPT (w/o function evaluations)   =      0.102
Total CPU secs in NLP function evaluations           =      0.014

EXIT: Optimal Solution Found.
