This is Ipopt version 3.13.4, running with linear solver mumps.
NOTE: Other linear solvers might be more efficient (see Ipopt documentation).

Number of nonzeros in equality constraint Jacobian...:        0
Number of nonzeros in inequality constraint Jacobian.:        0
Number of nonzeros in Lagrangian Hessian.............:        6

Total number of variables............................:        3
                     variables with only lower bounds:        0
                variables with lower and upper bounds:        0
                     variables with only upper bounds:        0
Total number of equality constraints.................:        0
Total number of inequality constraints...............:        0
        inequality constraints with only lower bounds:        0
   inequality constraints with lower and upper bounds:        0
        inequality constraints with only upper bounds:        0

iter    objective    inf_pr   inf_du lg(mu)  ||d||  lg(rg) alpha_du alpha_pr  ls
   0  2.4999998e+03 0.00e+00 1.00e+02  -1.0 0.00e+00    -  0.00e+00 0.00e+00   0
   1  4.9572312e+02 0.00e+00 2.23e+01  -1.0 2.25e+00   2.0 1.00e+00 1.00e+00f  1
   2  1.7768051e+02 0.00e+00 1.57e+01  -1.0 2.64e+00    -  1.00e+00 1.00e+00f  1
   3  5.8624119e+01 0.00e+00 8.97e+00  -1.0 3.08e-01   1.5 1.00e+00 1.00e+00f  1
   4  1.6066234e+01 0.00e+00 4.53e+00  -1.0 2.48e+00    -  1.00e+00 5.00e-01f  2
   5  2.3154904e+00 0.00e+00 9.13e-01  -1.0 4.07e-01    -  1.00e+00 1.00e+00f  1
   6  1.3838886e+00 0.00e+00 9.52e-01  -1.7 1.92e+00    -  1.00e+00 2.50e-01f  3
   7  5.0875861e-01 0.00e+00 1.77e-01  -1.7 2.22e-01    -  1.00e+00 1.00e+00f  1
   8  2.6254197e-01 0.00e+00 5.23e-01  -2.5 4.70e-01    -  1.00e+00 1.00e+00f  1
   9  2.0480137e-02 0.00e+00 5.93e-02  -2.5 9.17e-02    -  1.00e+00 1.00e+00f  1
iter    objective    inf_pr   inf_du lg(mu)  ||d||  lg(rg) alpha_du alpha_pr  ls
  10  1.4366475e-03 0.00e+00 4.68e-02  -2.5 1.33e-01    -  1.00e+00 1.00e+00f  1
  11  5.9764905e-07 0.00e+00 2.78e-04  -2.5 5.52e-03    -  1.00e+00 1.00e+00f  1
  12  1.4612763e-12 0.00e+00 1.51e-06  -5.7 7.59e-04    -  1.00e+00 1.00e+00f  1
  13  6.0576991e-25 0.00e+00 2.36e-13  -8.6 1.59e-07    -  1.00e+00 1.00e+00f  1

Number of Iterations....: 13

                                   (scaled)                 (unscaled)
Objective...............:   3.8061649120226348e-26    6.0576991109531564e-25
Dual infeasibility......:   2.3628941866047685e-13    3.7606625945867489e-12
Constraint violation....:   0.0000000000000000e+00    0.0000000000000000e+00
Complementarity.........:   0.0000000000000000e+00    0.0000000000000000e+00
Overall NLP error.......:   2.3628941866047685e-13    3.7606625945867489e-12


Number of objective function evaluations             = 25
Number of objective gradient evaluations             = 14
Number of equality constraint evaluations            = 0
Number of inequality constraint evaluations          = 0
Number of equality constraint Jacobian evaluations   = 0
Number of inequality constraint Jacobian evaluations = 0
Number of Lagrangian Hessian evaluations             = 13
Total CPU secs in IPOPT (w/o function evaluations)   =      0.006
Total CPU secs in NLP function evaluations           =      0.000

EXIT: Optimal Solution Found.
