This is Ipopt version 3.13.4, running with linear solver mumps.
NOTE: Other linear solvers might be more efficient (see Ipopt documentation).

Number of nonzeros in equality constraint Jacobian...:        0
Number of nonzeros in inequality constraint Jacobian.:        0
Number of nonzeros in Lagrangian Hessian.............:       10

Total number of variables............................:        4
                     variables with only lower bounds:        0
                variables with lower and upper bounds:        0
                     variables with only upper bounds:        0
Total number of equality constraints.................:        0
Total number of inequality constraints...............:        0
        inequality constraints with only lower bounds:        0
   inequality constraints with lower and upper bounds:        0
        inequality constraints with only upper bounds:        0

iter    objective    inf_pr   inf_du lg(mu)  ||d||  lg(rg) alpha_du alpha_pr  ls
   0  5.3136154e-03 0.00e+00 1.34e-01  -1.0 0.00e+00    -  0.00e+00 0.00e+00   0
   1  2.0904087e-03 0.00e+00 1.36e-01  -2.5 8.35e-01  -2.0 1.00e+00 2.50e-01f  3
   2  4.7474896e-04 0.00e+00 3.93e-02  -2.5 1.06e-01  -1.6 1.00e+00 1.00e+00f  1
   3  3.4514758e-04 0.00e+00 2.53e-03  -2.5 5.89e-02  -2.1 1.00e+00 1.00e+00f  1
   4  3.1929325e-04 0.00e+00 6.85e-03  -3.8 3.45e+00    -  1.00e+00 6.25e-02f  5
   5  3.0846474e-04 0.00e+00 1.39e-04  -3.8 1.43e-02    -  1.00e+00 1.00e+00f  1
   6  3.0780986e-04 0.00e+00 9.53e-05  -5.7 1.62e-02    -  1.00e+00 1.00e+00f  1
   7  3.0780095e-04 0.00e+00 1.17e-06  -5.7 1.96e-03    -  1.00e+00 1.00e+00f  1
   8  3.0780095e-04 0.00e+00 4.25e-10  -7.0 3.54e-05    -  1.00e+00 1.00e+00f  1

Number of Iterations....: 8

                                   (scaled)                 (unscaled)
Objective...............:   3.0780094673332113e-04    3.0780094673332113e-04
Dual infeasibility......:   4.2503665235830990e-10    4.2503665235830990e-10
Constraint violation....:   0.0000000000000000e+00    0.0000000000000000e+00
Complementarity.........:   0.0000000000000000e+00    0.0000000000000000e+00
Overall NLP error.......:   4.2503665235830990e-10    4.2503665235830990e-10


Number of objective function evaluations             = 23
Number of objective gradient evaluations             = 9
Number of equality constraint evaluations            = 0
Number of inequality constraint evaluations          = 0
Number of equality constraint Jacobian evaluations   = 0
Number of inequality constraint Jacobian evaluations = 0
Number of Lagrangian Hessian evaluations             = 8
Total CPU secs in IPOPT (w/o function evaluations)   =      0.002
Total CPU secs in NLP function evaluations           =      0.000

EXIT: Optimal Solution Found.
