This is Ipopt version 3.13.4, running with linear solver mumps.
NOTE: Other linear solvers might be more efficient (see Ipopt documentation).

Number of nonzeros in equality constraint Jacobian...:        0
Number of nonzeros in inequality constraint Jacobian.:        0
Number of nonzeros in Lagrangian Hessian.............:       66

Total number of variables............................:       11
                     variables with only lower bounds:        0
                variables with lower and upper bounds:        0
                     variables with only upper bounds:        0
Total number of equality constraints.................:        0
Total number of inequality constraints...............:        0
        inequality constraints with only lower bounds:        0
   inequality constraints with lower and upper bounds:        0
        inequality constraints with only upper bounds:        0

iter    objective    inf_pr   inf_du lg(mu)  ||d||  lg(rg) alpha_du alpha_pr  ls
   0  3.1657058e+00 0.00e+00 4.41e+00  -1.0 0.00e+00    -  0.00e+00 0.00e+00   0
   1  2.7830261e+00 0.00e+00 3.99e+00  -1.0 3.98e-02   2.0 1.00e+00 1.00e+00f  1
   2  1.9292909e+00 0.00e+00 3.21e+00  -1.0 9.48e-02   1.5 1.00e+00 1.00e+00f  1
   3  8.8434477e-01 0.00e+00 2.16e+00  -1.0 1.74e-01   1.0 1.00e+00 1.00e+00f  1
   4  4.5959640e-01 0.00e+00 6.68e-01  -1.0 1.51e-01   0.6 1.00e+00 1.00e+00f  1
   5  3.5540087e-01 0.00e+00 2.20e-01  -1.7 1.51e-01   0.1 1.00e+00 1.00e+00f  1
   6  3.2594441e-01 0.00e+00 7.45e-02  -1.7 1.37e-01  -0.4 1.00e+00 1.00e+00f  1
   7  2.9696340e-01 0.00e+00 5.30e-02  -2.5 3.92e-01  -0.9 1.00e+00 1.00e+00f  1
   8  2.1038928e-01 0.00e+00 5.90e-01  -2.5 1.31e+00  -1.3 1.00e+00 1.00e+00f  1
   9  1.6017785e-01 0.00e+00 2.54e+00  -2.5 3.11e+00  -1.8 1.00e+00 5.00e-01f  2
iter    objective    inf_pr   inf_du lg(mu)  ||d||  lg(rg) alpha_du alpha_pr  ls
  10  8.1407488e-02 0.00e+00 6.86e-01  -2.5 8.01e-01    -  1.00e+00 1.00e+00f  1
  11  7.7349409e-02 0.00e+00 1.46e+00  -2.5 6.75e-01    -  1.00e+00 1.00e+00f  1
  12  4.4609596e-02 0.00e+00 1.93e-01  -2.5 1.03e-01    -  1.00e+00 1.00e+00f  1
  13  4.1602196e-02 0.00e+00 1.93e-01  -2.5 1.87e-01    -  1.00e+00 1.00e+00f  1
  14  4.0429064e-02 0.00e+00 3.43e-02  -2.5 6.41e-02    -  1.00e+00 1.00e+00f  1
  15  4.0178047e-02 0.00e+00 3.42e-02  -2.5 1.02e-01    -  1.00e+00 1.00e+00f  1
  16  4.0138629e-02 0.00e+00 1.78e-03  -2.5 1.70e-02    -  1.00e+00 1.00e+00f  1
  17  4.0137737e-02 0.00e+00 1.72e-04  -3.8 7.10e-03    -  1.00e+00 1.00e+00f  1
  18  4.0137736e-02 0.00e+00 6.33e-08  -5.7 1.07e-04    -  1.00e+00 1.00e+00f  1
  19  4.0137736e-02 0.00e+00 1.83e-13  -8.6 2.30e-07    -  1.00e+00 1.00e+00f  1

Number of Iterations....: 19

                                   (scaled)                 (unscaled)
Objective...............:   4.0137736293547686e-02    4.0137736293547686e-02
Dual infeasibility......:   1.8281556823929179e-13    1.8281556823929179e-13
Constraint violation....:   0.0000000000000000e+00    0.0000000000000000e+00
Complementarity.........:   0.0000000000000000e+00    0.0000000000000000e+00
Overall NLP error.......:   1.8281556823929179e-13    1.8281556823929179e-13


Number of objective function evaluations             = 25
Number of objective gradient evaluations             = 20
Number of equality constraint evaluations            = 0
Number of inequality constraint evaluations          = 0
Number of equality constraint Jacobian evaluations   = 0
Number of inequality constraint Jacobian evaluations = 0
Number of Lagrangian Hessian evaluations             = 19
Total CPU secs in IPOPT (w/o function evaluations)   =      0.008
Total CPU secs in NLP function evaluations           =      0.002

EXIT: Optimal Solution Found.
