This is Ipopt version 3.13.4, running with linear solver mumps.
NOTE: Other linear solvers might be more efficient (see Ipopt documentation).

Number of nonzeros in equality constraint Jacobian...:        4
Number of nonzeros in inequality constraint Jacobian.:        0
Number of nonzeros in Lagrangian Hessian.............:        3

Total number of variables............................:        2
                     variables with only lower bounds:        0
                variables with lower and upper bounds:        0
                     variables with only upper bounds:        0
Total number of equality constraints.................:        2
Total number of inequality constraints...............:        0
        inequality constraints with only lower bounds:        0
   inequality constraints with lower and upper bounds:        0
        inequality constraints with only upper bounds:        0

iter    objective    inf_pr   inf_du lg(mu)  ||d||  lg(rg) alpha_du alpha_pr  ls
   0  0.0000000e+00 1.00e+00 0.00e+00  -1.0 0.00e+00    -  0.00e+00 0.00e+00   0
   1  0.0000000e+00 9.99e-01 0.00e+00  -1.7 9.99e-01    -  1.00e+00 1.00e+00h  1
   2  0.0000000e+00 9.99e-01 0.00e+00  -2.5 9.99e-01    -  1.00e+00 1.00e+00h  1
   3  0.0000000e+00 3.32e-01 0.00e+00  -2.5 9.97e-01    -  1.00e+00 1.00e+00h  1
   4  0.0000000e+00 1.65e-01 0.00e+00  -3.8 9.94e-01    -  1.00e+00 1.00e+00h  1
   5  0.0000000e+00 2.43e-03 0.00e+00  -3.8 9.83e-01    -  1.00e+00 1.00e+00h  1
   6  0.0000000e+00 2.56e-02 0.00e+00  -3.8 9.55e-01    -  1.00e+00 1.00e+00h  1
   7  0.0000000e+00 1.26e-02 0.00e+00  -5.7 8.85e-01    -  1.00e+00 1.00e+00h  1
   8  0.0000000e+00 7.31e-03 0.00e+00  -5.7 7.24e-01    -  1.00e+00 1.00e+00h  1
   9  0.0000000e+00 2.19e-03 0.00e+00  -5.7 4.33e-01    -  1.00e+00 1.00e+00h  1
iter    objective    inf_pr   inf_du lg(mu)  ||d||  lg(rg) alpha_du alpha_pr  ls
  10  0.0000000e+00 1.69e-04 0.00e+00  -5.7 1.27e-01    -  1.00e+00 1.00e+00h  1
  11  0.0000000e+00 7.84e-07 0.00e+00  -7.0 8.86e-03    -  1.00e+00 1.00e+00h  1

Number of Iterations....: 11

                                   (scaled)                 (unscaled)
Objective...............:   0.0000000000000000e+00    0.0000000000000000e+00
Dual infeasibility......:   0.0000000000000000e+00    0.0000000000000000e+00
Constraint violation....:   7.8428201333302634e-09    7.8428201333302628e-07
Complementarity.........:   0.0000000000000000e+00    0.0000000000000000e+00
Overall NLP error.......:   7.8428201333302634e-09    7.8428201333302628e-07


Number of objective function evaluations             = 12
Number of objective gradient evaluations             = 12
Number of equality constraint evaluations            = 12
Number of inequality constraint evaluations          = 0
Number of equality constraint Jacobian evaluations   = 12
Number of inequality constraint Jacobian evaluations = 0
Number of Lagrangian Hessian evaluations             = 11
Total CPU secs in IPOPT (w/o function evaluations)   =      0.004
Total CPU secs in NLP function evaluations           =      0.008

EXIT: Optimal Solution Found.
