This is Ipopt version 3.13.4, running with linear solver mumps.
NOTE: Other linear solvers might be more efficient (see Ipopt documentation).

Number of nonzeros in equality constraint Jacobian...:        0
Number of nonzeros in inequality constraint Jacobian.:        0
Number of nonzeros in Lagrangian Hessian.............:     7500

Total number of variables............................:     5000
                     variables with only lower bounds:        0
                variables with lower and upper bounds:        0
                     variables with only upper bounds:        0
Total number of equality constraints.................:        0
Total number of inequality constraints...............:        0
        inequality constraints with only lower bounds:        0
   inequality constraints with lower and upper bounds:        0
        inequality constraints with only upper bounds:        0

iter    objective    inf_pr   inf_du lg(mu)  ||d||  lg(rg) alpha_du alpha_pr  ls
   0  4.8500000e+04 0.00e+00 1.00e+02  -1.0 0.00e+00    -  0.00e+00 0.00e+00   0
   1  9.7765440e+01 0.00e+00 1.88e-01  -1.0 4.35e-01    -  1.00e+00 1.00e+00f  1
   2  4.8301932e+01 0.00e+00 2.12e+00  -2.5 4.73e-01    -  1.00e+00 5.00e-01f  2
   3  1.1023996e+01 0.00e+00 2.88e-01  -2.5 6.39e-02    -  1.00e+00 1.00e+00f  1
   4  2.3985683e+00 0.00e+00 5.58e-01  -2.5 1.13e-01    -  1.00e+00 1.00e+00f  1
   5  4.8525519e-02 0.00e+00 1.52e-02  -2.5 1.26e-02    -  1.00e+00 1.00e+00f  1
   6  9.3139529e-05 0.00e+00 3.57e-03  -3.8 8.61e-03    -  1.00e+00 1.00e+00f  1
   7  8.9410480e-11 0.00e+00 6.55e-07  -3.8 8.20e-05    -  1.00e+00 1.00e+00f  1
   8  3.3017884e-22 0.00e+00 6.72e-12  -8.6 3.72e-07    -  1.00e+00 1.00e+00f  1

Number of Iterations....: 8

                                   (scaled)                 (unscaled)
Objective...............:   1.5603914991299740e-22    3.3017884121590246e-22
Dual infeasibility......:   6.7215714195979625e-12    1.4222845123869287e-11
Constraint violation....:   0.0000000000000000e+00    0.0000000000000000e+00
Complementarity.........:   0.0000000000000000e+00    0.0000000000000000e+00
Overall NLP error.......:   6.7215714195979625e-12    1.4222845123869287e-11


Number of objective function evaluations             = 14
Number of objective gradient evaluations             = 9
Number of equality constraint evaluations            = 0
Number of inequality constraint evaluations          = 0
Number of equality constraint Jacobian evaluations   = 0
Number of inequality constraint Jacobian evaluations = 0
Number of Lagrangian Hessian evaluations             = 8
Total CPU secs in IPOPT (w/o function evaluations)   =      0.034
Total CPU secs in NLP function evaluations           =      0.006

EXIT: Optimal Solution Found.
