problem    ARp    Ipopt
BOX3       26     14
BEALE      32     19
ARGLINB    8      3
WOODS      16     84
BROWNAL    22     5
BROWNBS    144    8
WATSON     52     17
ARGLINA    4      2
KOWOSB     998    23
INTEGREQ   0      3
BARD       38     8
VARDIM     60     28
SROSENBR   12     13
HELIX      42     25
BDVALUE    0      1
BROYDN3D   0      5
ROSENBR    14     45
POWELLSG   42     17
