NewtonCG with backtrack line search.

CUTEst problem................: BEALE
Number of variables...........: 2
Maximum problem iterations....: 1000
Maximum subproblem iterations.: 1000
Maximum line search iterations: 1000
Time limit....................: 10 min

‾‾‾‾‾‾‾‾‾‾‾‾‾‾‾ summary statistics ‾‾‾‾‾‾‾‾‾‾‾‾‾‾‾‾
Objective.............: 4.632610e-24
Gradient norm.........: 1.118009e-11
Total iterations......: 12
Total time in seconds.: 0.000406
‾‾‾‾‾‾‾‾‾‾‾‾‾‾‾‾‾‾‾‾‾‾‾‾‾‾‾‾‾‾‾‾‾‾‾‾‾‾‾‾‾‾‾‾‾‾‾‾‾‾‾

‾‾‾‾‾‾‾‾‾‾‾‾‾‾‾‾ output statistics ‾‾‾‾‾‾‾‾‾‾‾‾‾‾‾‾
Number of objective function evaluations: 2
Number of gradient evaluations..........: 13
Number of hessian evaluations...........: 12
Subproblem iterations...................: 18
Subproblem time in seconds..............: 0.000111
How many times subproblem failed........: 0
Line search iterations..................: 2
Line search time in seconds.............: 0.000084
How many times line search failed.......: 0
‾‾‾‾‾‾‾‾‾‾‾‾‾‾‾‾‾‾‾‾‾‾‾‾‾‾‾‾‾‾‾‾‾‾‾‾‾‾‾‾‾‾‾‾‾‾‾‾‾‾‾

‾‾‾‾‾‾‾‾‾‾‾‾‾‾‾‾‾‾‾‾‾‾‾‾‾‾‾‾‾‾‾‾‾‾‾‾‾ superscription ‾‾‾‾‾‾‾‾‾‾‾‾‾‾‾‾‾‾‾‾‾‾‾‾‾‾‾‾‾‾‾‾‾‾‾‾‾
iter....: current iteration
f(x*)...: objective function avaluated at x(iter)
‖∇f(x)‖.: gradient norm used to calculate x(iter), so x in ‖∇f(x)‖ is equal to x(iter-1)
alpha...: step calculated by backtrack line search
‖d‖.....: search direction norm
‾‾‾‾‾‾‾‾‾‾‾‾‾‾‾‾‾‾‾‾‾‾‾‾‾‾‾‾‾‾‾‾‾‾‾‾‾‾‾‾‾‾‾‾‾‾‾‾‾‾‾‾‾‾‾‾‾‾‾‾‾‾‾‾‾‾‾‾‾‾‾‾‾‾‾‾‾‾‾‾‾‾‾‾‾‾‾‾‾‾
__________________________________________________________________________
iter    f(x*)            ‖∇f(x)‖          alpha            ‖d‖            
1       7.140429e+00     2.775000e+01     1.000000e+00     4.051095e-01   
2       1.373170e+00     1.150656e+01     2.500000e-01     7.512353e+00   
3       2.570717e-01     7.201258e+00     1.000000e+00     4.512654e-01   
4       3.730590e-02     4.247098e+00     1.000000e+00     9.422051e-02   
5       3.014439e-02     6.446687e-01     1.000000e+00     2.189703e-02   
6       3.869011e-03     2.032472e-01     1.000000e+00     2.351888e-01   
7       2.959753e-03     2.727538e-01     1.000000e+00     6.621110e-03   
8       1.120226e-04     4.872964e-02     1.000000e+00     1.087364e-01   
9       7.444597e-05     5.954745e-02     1.000000e+00     1.260131e-03   
10      1.270440e-07     6.884322e-03     1.000000e+00     2.125678e-02   
11      3.964071e-13     2.217722e-03     1.000000e+00     7.155564e-04   
12      4.632610e-24     8.613481e-07     1.000000e+00     1.611150e-06   
‾‾‾‾‾‾‾‾‾‾‾‾‾‾‾‾‾‾‾‾‾‾‾‾‾‾‾‾‾‾‾‾‾‾‾‾‾‾‾‾‾‾‾‾‾‾‾‾‾‾‾‾‾‾‾‾‾‾‾‾‾‾‾‾‾‾‾‾‾‾‾‾‾‾
 ──────────────────────────────────────────────────────────────────────────────
                                       Time                   Allocations      
                               ──────────────────────   ───────────────────────
       Tot / % measured:            864μs / 46.9%            110KiB / 82.2%    

 Section               ncalls     time   %tot     avg     alloc   %tot      avg
 ──────────────────────────────────────────────────────────────────────────────
 newton_modified            1    406μs   100%   406μs   90.7KiB  100%   90.7KiB
   linear_solver           12    111μs  27.3%  9.24μs   25.3KiB  27.9%  2.11KiB
   backtrack_line_s...     12   84.1μs  20.7%  7.01μs   15.4KiB  16.9%  1.28KiB
 ──────────────────────────────────────────────────────────────────────────────

EXIT: convergence has been achieved.

