NewtonCG with backtrack line search.

CUTEst problem................: BIGGS6
Number of variables...........: 6
Maximum problem iterations....: 1000
Maximum subproblem iterations.: 1000
Maximum line search iterations: 1000
Time limit....................: 10 min

‾‾‾‾‾‾‾‾‾‾‾‾‾‾‾ summary statistics ‾‾‾‾‾‾‾‾‾‾‾‾‾‾‾‾
Objective.............: 5.655650e-03
Gradient norm.........: 1.261848e-10
Total iterations......: 45
Total time in seconds.: 0.001444
‾‾‾‾‾‾‾‾‾‾‾‾‾‾‾‾‾‾‾‾‾‾‾‾‾‾‾‾‾‾‾‾‾‾‾‾‾‾‾‾‾‾‾‾‾‾‾‾‾‾‾

‾‾‾‾‾‾‾‾‾‾‾‾‾‾‾‾ output statistics ‾‾‾‾‾‾‾‾‾‾‾‾‾‾‾‾
Number of objective function evaluations: 1
Number of gradient evaluations..........: 46
Number of hessian evaluations...........: 45
Subproblem iterations...................: 98
Subproblem time in seconds..............: 0.000693
How many times subproblem failed........: 0
Line search iterations..................: 1
Line search time in seconds.............: 0.000260
How many times line search failed.......: 0
‾‾‾‾‾‾‾‾‾‾‾‾‾‾‾‾‾‾‾‾‾‾‾‾‾‾‾‾‾‾‾‾‾‾‾‾‾‾‾‾‾‾‾‾‾‾‾‾‾‾‾

‾‾‾‾‾‾‾‾‾‾‾‾‾‾‾‾‾‾‾‾‾‾‾‾‾‾‾‾‾‾‾‾‾‾‾‾‾ superscription ‾‾‾‾‾‾‾‾‾‾‾‾‾‾‾‾‾‾‾‾‾‾‾‾‾‾‾‾‾‾‾‾‾‾‾‾‾
iter....: current iteration
f(x*)...: objective function avaluated at x(iter)
‖∇f(x)‖.: gradient norm used to calculate x(iter), so x in ‖∇f(x)‖ is equal to x(iter-1)
alpha...: step calculated by backtrack line search
‖d‖.....: search direction norm
‾‾‾‾‾‾‾‾‾‾‾‾‾‾‾‾‾‾‾‾‾‾‾‾‾‾‾‾‾‾‾‾‾‾‾‾‾‾‾‾‾‾‾‾‾‾‾‾‾‾‾‾‾‾‾‾‾‾‾‾‾‾‾‾‾‾‾‾‾‾‾‾‾‾‾‾‾‾‾‾‾‾‾‾‾‾‾‾‾‾
__________________________________________________________________________
iter    f(x*)            ‖∇f(x)‖          alpha            ‖d‖            
1       3.009228e-01     2.553901e+00     1.000000e+00     5.558605e-01   
2       2.934421e-01     1.514530e-01     1.000000e+00     9.592392e-02   
3       2.929053e-01     3.263691e-02     1.000000e+00     3.283599e-02   
4       2.923497e-01     1.413794e-01     1.000000e+00     7.847415e-03   
5       2.917273e-01     3.381736e-02     1.000000e+00     3.674392e-02   
6       2.910816e-01     1.520844e-01     1.000000e+00     8.477852e-03   
7       2.903480e-01     3.511802e-02     1.000000e+00     4.172021e-02   
8       2.895841e-01     1.650155e-01     1.000000e+00     9.242332e-03   
9       2.886997e-01     3.656670e-02     1.000000e+00     4.833362e-02   
10      2.877743e-01     1.811009e-01     1.000000e+00     1.019931e-02   
11      2.866747e-01     3.820784e-02     1.000000e+00     5.756920e-02   
12      2.855163e-01     2.019534e-01     1.000000e+00     1.144774e-02   
13      2.840845e-01     4.010846e-02     1.000000e+00     7.152118e-02   
14      2.825607e-01     2.306495e-01     1.000000e+00     1.318146e-02   
15      2.805535e-01     4.238686e-02     1.000000e+00     9.525283e-02   
16      2.783765e-01     2.741295e-01     1.000000e+00     1.583732e-02   
17      2.751277e-01     4.527278e-02     1.000000e+00     1.458386e-01   
18      2.714559e-01     3.527909e-01     1.000000e+00     2.073845e-02   
19      2.640077e-01     4.936267e-02     1.000000e+00     3.304943e-01   
20      2.537704e-01     5.771476e-01     1.000000e+00     3.525087e-02   
21      2.504769e-01     5.718498e-02     1.000000e+00     5.718498e-02   
22      2.368576e-01     5.855941e-02     1.000000e+00     3.938004e-01   
23      2.261583e-01     5.628992e-01     1.000000e+00     3.820835e-02   
24      1.993920e-01     6.638162e-02     1.000000e+00     1.940272e+00   
25      1.074678e-01     5.722381e-01     1.000000e+00     4.347124e-01   
26      7.082230e-02     1.156896e-01     1.000000e+00     2.629243e+00   
27      5.629884e-02     5.097612e-01     1.000000e+00     5.666984e-02   
28      5.241916e-02     8.431047e-02     1.000000e+00     9.483355e-02   
29      4.987515e-02     1.876311e-02     1.000000e+00     1.251117e+00   
30      4.508073e-02     3.124974e-01     1.000000e+00     3.085077e-02   
31      3.441131e-02     1.795195e-02     5.000000e-01     2.761555e+00   
32      3.167531e-02     2.366318e-01     1.000000e+00     2.322696e-02   
33      2.669488e-02     1.601053e-02     1.000000e+00     3.016954e+00   
34      1.567080e-02     4.857407e-01     1.000000e+00     4.576675e-02   
35      8.946113e-03     1.364931e-02     1.000000e+00     2.350274e+00   
36      8.417954e-03     1.554843e-02     1.000000e+00     1.569766e-01   
37      6.244525e-03     1.692639e-03     1.000000e+00     2.644737e+00   
38      6.185748e-03     3.581321e-02     1.000000e+00     3.284923e-03   
39      5.998523e-03     5.357279e-03     1.000000e+00     1.134207e-01   
40      5.689679e-03     6.612244e-04     1.000000e+00     1.428397e+00   
41      5.670754e-03     3.593941e-03     1.000000e+00     3.476523e-02   
42      5.655840e-03     8.249006e-05     1.000000e+00     3.945321e-01   
43      5.655707e-03     5.297719e-04     1.000000e+00     2.753550e-03   
44      5.655650e-03     4.350782e-06     1.000000e+00     2.644531e-02   
45      5.655650e-03     2.695525e-06     1.000000e+00     1.152355e-04   
‾‾‾‾‾‾‾‾‾‾‾‾‾‾‾‾‾‾‾‾‾‾‾‾‾‾‾‾‾‾‾‾‾‾‾‾‾‾‾‾‾‾‾‾‾‾‾‾‾‾‾‾‾‾‾‾‾‾‾‾‾‾‾‾‾‾‾‾‾‾‾‾‾‾
 ──────────────────────────────────────────────────────────────────────────────
                                       Time                   Allocations      
                               ──────────────────────   ───────────────────────
       Tot / % measured:           2.37ms / 60.9%            379KiB / 84.5%    

 Section               ncalls     time   %tot     avg     alloc   %tot      avg
 ──────────────────────────────────────────────────────────────────────────────
 newton_modified            1   1.44ms   100%  1.44ms    320KiB  100%    320KiB
   linear_solver           45    693μs  47.9%  15.4μs    157KiB  49.0%  3.49KiB
   backtrack_line_s...     45    260μs  18.0%  5.77μs   60.5KiB  18.9%  1.34KiB
 ──────────────────────────────────────────────────────────────────────────────

EXIT: convergence has been achieved.

