NewtonCG with backtrack line search.

CUTEst problem................: BROWNAL
Number of variables...........: 10
Maximum problem iterations....: 1000
Maximum subproblem iterations.: 1000
Maximum line search iterations: 1000
Time limit....................: 10 min

‾‾‾‾‾‾‾‾‾‾‾‾‾‾‾ summary statistics ‾‾‾‾‾‾‾‾‾‾‾‾‾‾‾‾
Objective.............: 6.825483e-26
Gradient norm.........: 6.751915e-13
Total iterations......: 7
Total time in seconds.: 0.000174
‾‾‾‾‾‾‾‾‾‾‾‾‾‾‾‾‾‾‾‾‾‾‾‾‾‾‾‾‾‾‾‾‾‾‾‾‾‾‾‾‾‾‾‾‾‾‾‾‾‾‾

‾‾‾‾‾‾‾‾‾‾‾‾‾‾‾‾ output statistics ‾‾‾‾‾‾‾‾‾‾‾‾‾‾‾‾
Number of objective function evaluations: 0
Number of gradient evaluations..........: 8
Number of hessian evaluations...........: 7
Subproblem iterations...................: 13
Subproblem time in seconds..............: 0.000052
How many times subproblem failed........: 0
Line search iterations..................: 0
Line search time in seconds.............: 0.000026
How many times line search failed.......: 0
‾‾‾‾‾‾‾‾‾‾‾‾‾‾‾‾‾‾‾‾‾‾‾‾‾‾‾‾‾‾‾‾‾‾‾‾‾‾‾‾‾‾‾‾‾‾‾‾‾‾‾

‾‾‾‾‾‾‾‾‾‾‾‾‾‾‾‾‾‾‾‾‾‾‾‾‾‾‾‾‾‾‾‾‾‾‾‾‾ superscription ‾‾‾‾‾‾‾‾‾‾‾‾‾‾‾‾‾‾‾‾‾‾‾‾‾‾‾‾‾‾‾‾‾‾‾‾‾
iter....: current iteration
f(x*)...: objective function avaluated at x(iter)
‖∇f(x)‖.: gradient norm used to calculate x(iter), so x in ‖∇f(x)‖ is equal to x(iter-1)
alpha...: step calculated by backtrack line search
‖d‖.....: search direction norm
‾‾‾‾‾‾‾‾‾‾‾‾‾‾‾‾‾‾‾‾‾‾‾‾‾‾‾‾‾‾‾‾‾‾‾‾‾‾‾‾‾‾‾‾‾‾‾‾‾‾‾‾‾‾‾‾‾‾‾‾‾‾‾‾‾‾‾‾‾‾‾‾‾‾‾‾‾‾‾‾‾‾‾‾‾‾‾‾‾‾
__________________________________________________________________________
iter    f(x*)            ‖∇f(x)‖          alpha            ‖d‖            
1       5.057135e-05     3.445424e+02     1.000000e+00     1.580978e+00   
2       3.030746e-05     9.814524e-02     1.000000e+00     4.128964e-04   
3       2.964875e-06     1.528568e-03     1.000000e+00     3.070520e-02   
4       9.790214e-08     3.045426e-03     1.000000e+00     1.383775e-02   
5       2.283083e-10     6.010774e-04     1.000000e+00     3.178115e-03   
6       1.529346e-15     3.134738e-05     1.000000e+00     1.635192e-04   
7       6.825483e-26     8.288548e-08     1.000000e+00     4.239609e-07   
‾‾‾‾‾‾‾‾‾‾‾‾‾‾‾‾‾‾‾‾‾‾‾‾‾‾‾‾‾‾‾‾‾‾‾‾‾‾‾‾‾‾‾‾‾‾‾‾‾‾‾‾‾‾‾‾‾‾‾‾‾‾‾‾‾‾‾‾‾‾‾‾‾‾
 ──────────────────────────────────────────────────────────────────────────────
                                       Time                   Allocations      
                               ──────────────────────   ───────────────────────
       Tot / % measured:            401μs / 43.4%           96.7KiB / 85.7%    

 Section               ncalls     time   %tot     avg     alloc   %tot      avg
 ──────────────────────────────────────────────────────────────────────────────
 newton_modified            1    174μs   100%   174μs   82.9KiB  100%   82.9KiB
   linear_solver            7   51.9μs  29.8%  7.41μs   26.5KiB  31.9%  3.78KiB
   backtrack_line_s...      7   26.4μs  15.1%  3.77μs   10.4KiB  12.5%  1.48KiB
 ──────────────────────────────────────────────────────────────────────────────

EXIT: convergence has been achieved.

