NewtonCG with backtrack line search.

CUTEst problem................: CHEBYQAD
Number of variables...........: 10
Maximum problem iterations....: 1000
Maximum subproblem iterations.: 1000
Maximum line search iterations: 1000
Time limit....................: 10 min

‾‾‾‾‾‾‾‾‾‾‾‾‾‾‾ summary statistics ‾‾‾‾‾‾‾‾‾‾‾‾‾‾‾‾
Objective.............: 6.503955e-03
Gradient norm.........: 2.792677e-09
Total iterations......: 14
Total time in seconds.: 0.002421
‾‾‾‾‾‾‾‾‾‾‾‾‾‾‾‾‾‾‾‾‾‾‾‾‾‾‾‾‾‾‾‾‾‾‾‾‾‾‾‾‾‾‾‾‾‾‾‾‾‾‾

‾‾‾‾‾‾‾‾‾‾‾‾‾‾‾‾ output statistics ‾‾‾‾‾‾‾‾‾‾‾‾‾‾‾‾
Number of objective function evaluations: 5
Number of gradient evaluations..........: 15
Number of hessian evaluations...........: 14
Subproblem iterations...................: 61
Subproblem time in seconds..............: 0.001450
How many times subproblem failed........: 0
Line search iterations..................: 5
Line search time in seconds.............: 0.000377
How many times line search failed.......: 0
‾‾‾‾‾‾‾‾‾‾‾‾‾‾‾‾‾‾‾‾‾‾‾‾‾‾‾‾‾‾‾‾‾‾‾‾‾‾‾‾‾‾‾‾‾‾‾‾‾‾‾

‾‾‾‾‾‾‾‾‾‾‾‾‾‾‾‾‾‾‾‾‾‾‾‾‾‾‾‾‾‾‾‾‾‾‾‾‾ superscription ‾‾‾‾‾‾‾‾‾‾‾‾‾‾‾‾‾‾‾‾‾‾‾‾‾‾‾‾‾‾‾‾‾‾‾‾‾
iter....: current iteration
f(x*)...: objective function avaluated at x(iter)
‖∇f(x)‖.: gradient norm used to calculate x(iter), so x in ‖∇f(x)‖ is equal to x(iter-1)
alpha...: step calculated by backtrack line search
‖d‖.....: search direction norm
‾‾‾‾‾‾‾‾‾‾‾‾‾‾‾‾‾‾‾‾‾‾‾‾‾‾‾‾‾‾‾‾‾‾‾‾‾‾‾‾‾‾‾‾‾‾‾‾‾‾‾‾‾‾‾‾‾‾‾‾‾‾‾‾‾‾‾‾‾‾‾‾‾‾‾‾‾‾‾‾‾‾‾‾‾‾‾‾‾‾
__________________________________________________________________________
iter    f(x*)            ‖∇f(x)‖          alpha            ‖d‖            
1       1.247829e-02     1.330073e+00     5.000000e-01     5.616623e-02   
2       9.989819e-03     2.718762e-01     1.000000e+00     4.410877e-02   
3       8.407695e-03     5.692608e-01     1.000000e+00     5.574718e-03   
4       7.656291e-03     2.207215e-01     1.000000e+00     7.983788e-03   
5       7.424162e-03     8.613769e-02     1.000000e+00     1.615024e-02   
6       6.824671e-03     5.335533e-02     1.250000e-01     3.950831e-01   
7       6.677310e-03     5.660506e-02     1.000000e+00     9.767589e-03   
8       6.541580e-03     1.431130e-02     5.000000e-01     4.642261e-02   
9       6.529582e-03     5.492230e-02     1.000000e+00     4.364561e-04   
10      6.505841e-03     1.158042e-02     1.000000e+00     1.099087e-02   
11      6.504311e-03     1.605827e-02     1.000000e+00     3.833245e-04   
12      6.503955e-03     1.257513e-03     1.000000e+00     1.229564e-03   
13      6.503955e-03     1.794145e-04     1.000000e+00     4.288732e-06   
14      6.503955e-03     1.765142e-06     1.000000e+00     4.481641e-06   
‾‾‾‾‾‾‾‾‾‾‾‾‾‾‾‾‾‾‾‾‾‾‾‾‾‾‾‾‾‾‾‾‾‾‾‾‾‾‾‾‾‾‾‾‾‾‾‾‾‾‾‾‾‾‾‾‾‾‾‾‾‾‾‾‾‾‾‾‾‾‾‾‾‾
 ──────────────────────────────────────────────────────────────────────────────
                                       Time                   Allocations      
                               ──────────────────────   ───────────────────────
       Tot / % measured:           2.71ms / 89.5%            222KiB / 90.0%    

 Section               ncalls     time   %tot     avg     alloc   %tot      avg
 ──────────────────────────────────────────────────────────────────────────────
 newton_modified            1   2.42ms   100%  2.42ms    200KiB  100%    200KiB
   linear_solver           14   1.45ms  59.9%   104μs    117KiB  58.5%  8.35KiB
   backtrack_line_s...     14    377μs  15.6%  27.0μs   25.0KiB  12.5%  1.78KiB
 ──────────────────────────────────────────────────────────────────────────────

EXIT: convergence has been achieved.

