NewtonCG with backtrack line search.

CUTEst problem................: GULF
Number of variables...........: 3
Maximum problem iterations....: 1000
Maximum subproblem iterations.: 1000
Maximum line search iterations: 1000
Time limit....................: 10 min

‾‾‾‾‾‾‾‾‾‾‾‾‾‾‾ summary statistics ‾‾‾‾‾‾‾‾‾‾‾‾‾‾‾‾
Objective.............: 6.090864e-16
Gradient norm.........: 1.287354e-10
Total iterations......: 26
Total time in seconds.: 0.007112
‾‾‾‾‾‾‾‾‾‾‾‾‾‾‾‾‾‾‾‾‾‾‾‾‾‾‾‾‾‾‾‾‾‾‾‾‾‾‾‾‾‾‾‾‾‾‾‾‾‾‾

‾‾‾‾‾‾‾‾‾‾‾‾‾‾‾‾ output statistics ‾‾‾‾‾‾‾‾‾‾‾‾‾‾‾‾
Number of objective function evaluations: 12
Number of gradient evaluations..........: 27
Number of hessian evaluations...........: 26
Subproblem iterations...................: 47
Subproblem time in seconds..............: 0.002968
How many times subproblem failed........: 0
Line search iterations..................: 12
Line search time in seconds.............: 0.001740
How many times line search failed.......: 0
‾‾‾‾‾‾‾‾‾‾‾‾‾‾‾‾‾‾‾‾‾‾‾‾‾‾‾‾‾‾‾‾‾‾‾‾‾‾‾‾‾‾‾‾‾‾‾‾‾‾‾

‾‾‾‾‾‾‾‾‾‾‾‾‾‾‾‾‾‾‾‾‾‾‾‾‾‾‾‾‾‾‾‾‾‾‾‾‾ superscription ‾‾‾‾‾‾‾‾‾‾‾‾‾‾‾‾‾‾‾‾‾‾‾‾‾‾‾‾‾‾‾‾‾‾‾‾‾
iter....: current iteration
f(x*)...: objective function avaluated at x(iter)
‖∇f(x)‖.: gradient norm used to calculate x(iter), so x in ‖∇f(x)‖ is equal to x(iter-1)
alpha...: step calculated by backtrack line search
‖d‖.....: search direction norm
‾‾‾‾‾‾‾‾‾‾‾‾‾‾‾‾‾‾‾‾‾‾‾‾‾‾‾‾‾‾‾‾‾‾‾‾‾‾‾‾‾‾‾‾‾‾‾‾‾‾‾‾‾‾‾‾‾‾‾‾‾‾‾‾‾‾‾‾‾‾‾‾‾‾‾‾‾‾‾‾‾‾‾‾‾‾‾‾‾‾
__________________________________________________________________________
iter    f(x*)            ‖∇f(x)‖          alpha            ‖d‖            
1       6.650475e+00     3.973160e+01     2.500000e-01     8.233825e-01   
2       6.621332e+00     4.234225e+00     1.000000e+00     1.398921e-02   
3       6.256590e+00     2.521951e-01     5.000000e-01     5.010926e+00   
4       6.153580e+00     8.265290e+00     1.000000e+00     2.450698e-02   
5       5.642053e+00     2.703914e-01     5.000000e-01     9.551812e+00   
6       5.482757e+00     1.018509e+01     1.000000e+00     3.072773e-02   
7       5.482558e+00     3.177149e-01     1.000000e+00     1.249102e-03   
8       4.933959e-01     1.495210e-01     2.500000e-01     1.049025e+02   
9       1.912112e-01     8.753841e+00     1.000000e+00     6.844770e-02   
10      1.258727e-02     2.485891e-01     1.000000e+00     1.698195e+00   
11      5.930452e-03     1.117873e+00     1.000000e+00     1.181796e-02   
12      5.854976e-03     1.399690e-02     1.000000e+00     3.093689e-02   
13      3.843205e-03     1.319913e-03     2.500000e-01     1.345896e+01   
14      3.537154e-03     2.386787e-01     1.000000e+00     2.569299e-03   
15      2.183297e-03     2.550087e-03     2.500000e-01     1.489385e+01   
16      1.889960e-03     2.344259e-01     1.000000e+00     2.507021e-03   
17      1.884169e-03     3.827278e-03     5.000000e-01     1.241761e+01   
18      5.351810e-04     5.041665e-01     1.000000e+00     5.371081e-03   
19      4.001960e-04     6.616043e-03     1.000000e+00     4.459733e-02   
20      1.664587e-04     1.518965e-03     5.000000e-01     6.969217e+00   
21      8.884717e-05     1.210553e-01     1.000000e+00     1.283344e-03   
22      5.265495e-05     9.085963e-04     1.000000e+00     3.384478e+00   
23      1.739444e-06     9.820115e-02     1.000000e+00     1.037664e-03   
24      2.466564e-09     6.680516e-04     1.000000e+00     5.260999e-03   
25      4.374182e-14     1.405912e-05     1.000000e+00     1.905214e-02   
26      6.090864e-16     2.818364e-06     1.000000e+00     1.423575e-07   
‾‾‾‾‾‾‾‾‾‾‾‾‾‾‾‾‾‾‾‾‾‾‾‾‾‾‾‾‾‾‾‾‾‾‾‾‾‾‾‾‾‾‾‾‾‾‾‾‾‾‾‾‾‾‾‾‾‾‾‾‾‾‾‾‾‾‾‾‾‾‾‾‾‾
 ──────────────────────────────────────────────────────────────────────────────
                                       Time                   Allocations      
                               ──────────────────────   ───────────────────────
       Tot / % measured:           7.53ms / 94.5%            221KiB / 83.5%    

 Section               ncalls     time   %tot     avg     alloc   %tot      avg
 ──────────────────────────────────────────────────────────────────────────────
 newton_modified            1   7.11ms   100%  7.11ms    184KiB  100%    184KiB
   linear_solver           26   2.97ms  41.7%   114μs   72.0KiB  39.1%  2.77KiB
   backtrack_line_s...     26   1.74ms  24.5%  66.9μs   40.9KiB  22.2%  1.57KiB
 ──────────────────────────────────────────────────────────────────────────────

EXIT: convergence has been achieved.

