NewtonCG with backtrack line search.

CUTEst problem................: OSBORNEB
Number of variables...........: 11
Maximum problem iterations....: 1000
Maximum subproblem iterations.: 1000
Maximum line search iterations: 1000
Time limit....................: 10 min

‾‾‾‾‾‾‾‾‾‾‾‾‾‾‾ summary statistics ‾‾‾‾‾‾‾‾‾‾‾‾‾‾‾‾
Objective.............: 4.013774e-02
Gradient norm.........: 1.716796e-11
Total iterations......: 30
Total time in seconds.: 0.013212
‾‾‾‾‾‾‾‾‾‾‾‾‾‾‾‾‾‾‾‾‾‾‾‾‾‾‾‾‾‾‾‾‾‾‾‾‾‾‾‾‾‾‾‾‾‾‾‾‾‾‾

‾‾‾‾‾‾‾‾‾‾‾‾‾‾‾‾ output statistics ‾‾‾‾‾‾‾‾‾‾‾‾‾‾‾‾
Number of objective function evaluations: 19
Number of gradient evaluations..........: 31
Number of hessian evaluations...........: 30
Subproblem iterations...................: 153
Subproblem time in seconds..............: 0.009323
How many times subproblem failed........: 0
Line search iterations..................: 19
Line search time in seconds.............: 0.001533
How many times line search failed.......: 0
‾‾‾‾‾‾‾‾‾‾‾‾‾‾‾‾‾‾‾‾‾‾‾‾‾‾‾‾‾‾‾‾‾‾‾‾‾‾‾‾‾‾‾‾‾‾‾‾‾‾‾

‾‾‾‾‾‾‾‾‾‾‾‾‾‾‾‾‾‾‾‾‾‾‾‾‾‾‾‾‾‾‾‾‾‾‾‾‾ superscription ‾‾‾‾‾‾‾‾‾‾‾‾‾‾‾‾‾‾‾‾‾‾‾‾‾‾‾‾‾‾‾‾‾‾‾‾‾
iter....: current iteration
f(x*)...: objective function avaluated at x(iter)
‖∇f(x)‖.: gradient norm used to calculate x(iter), so x in ‖∇f(x)‖ is equal to x(iter-1)
alpha...: step calculated by backtrack line search
‖d‖.....: search direction norm
‾‾‾‾‾‾‾‾‾‾‾‾‾‾‾‾‾‾‾‾‾‾‾‾‾‾‾‾‾‾‾‾‾‾‾‾‾‾‾‾‾‾‾‾‾‾‾‾‾‾‾‾‾‾‾‾‾‾‾‾‾‾‾‾‾‾‾‾‾‾‾‾‾‾‾‾‾‾‾‾‾‾‾‾‾‾‾‾‾‾
__________________________________________________________________________
iter    f(x*)            ‖∇f(x)‖          alpha            ‖d‖            
1       1.252592e+00     6.487567e+00     2.500000e-01     1.864039e+00   
2       4.955920e-01     5.662355e+00     1.000000e+00     3.428357e-01   
3       3.719088e-01     1.274951e+00     1.000000e+00     2.118654e-01   
4       3.587969e-01     5.649554e-01     1.000000e+00     4.760121e-02   
5       3.327286e-01     2.887815e-01     5.000000e-01     5.057207e-01   
6       3.273678e-01     2.423142e-01     1.000000e+00     7.627664e-02   
7       2.137314e-01     9.600046e-02     3.125000e-02     8.488220e+01   
8       1.963356e-01     2.031622e+00     1.000000e+00     1.646255e-02   
9       1.788626e-01     9.185634e-01     1.000000e+00     3.976842e-02   
10      1.666762e-01     2.565296e-01     1.000000e+00     1.486621e-01   
11      1.507609e-01     1.390428e-01     6.250000e-02     2.206100e+01   
12      1.212891e-01     2.279606e+00     1.000000e+00     2.469995e-02   
13      9.734683e-02     7.395552e-01     1.000000e+00     7.579851e-02   
14      9.462769e-02     2.179153e-01     1.000000e+00     2.909886e-02   
15      7.996135e-02     1.030057e-01     2.500000e-01     2.084274e+00   
16      7.788051e-02     5.262910e-01     1.000000e+00     7.815603e-03   
17      7.618854e-02     1.958522e-01     1.000000e+00     2.093671e-02   
18      5.612835e-02     7.136738e-02     3.125000e-02     2.423739e+01   
19      5.400316e-02     5.331698e-01     1.000000e+00     7.870132e-03   
20      5.335282e-02     9.006844e-02     1.000000e+00     6.923602e-01   
21      4.399533e-02     1.058472e+00     1.000000e+00     1.730941e-02   
22      4.134841e-02     2.001579e-01     1.000000e+00     3.587384e-02   
23      4.065306e-02     5.152971e-02     1.000000e+00     3.699665e-02   
24      4.029947e-02     1.537292e-02     1.000000e+00     3.741223e-01   
25      4.018298e-02     1.075635e-01     1.000000e+00     2.161576e-03   
26      4.015686e-02     2.602986e-02     1.000000e+00     2.906558e-03   
27      4.013780e-02     3.947642e-03     1.000000e+00     6.261671e-02   
28      4.013776e-02     1.628530e-03     1.000000e+00     1.142797e-04   
29      4.013774e-02     3.850235e-05     1.000000e+00     2.431168e-03   
30      4.013774e-02     3.749851e-06     1.000000e+00     2.461292e-06   
‾‾‾‾‾‾‾‾‾‾‾‾‾‾‾‾‾‾‾‾‾‾‾‾‾‾‾‾‾‾‾‾‾‾‾‾‾‾‾‾‾‾‾‾‾‾‾‾‾‾‾‾‾‾‾‾‾‾‾‾‾‾‾‾‾‾‾‾‾‾‾‾‾‾
 ──────────────────────────────────────────────────────────────────────────────
                                       Time                   Allocations      
                               ──────────────────────   ───────────────────────
       Tot / % measured:           13.9ms / 95.1%            510KiB / 91.9%    

 Section               ncalls     time   %tot     avg     alloc   %tot      avg
 ──────────────────────────────────────────────────────────────────────────────
 newton_modified            1   13.2ms   100%  13.2ms    469KiB  100%    469KiB
   linear_solver           30   9.32ms  70.6%   311μs    317KiB  67.6%  10.6KiB
   backtrack_line_s...     30   1.53ms  11.6%  51.1μs   63.6KiB  13.6%  2.12KiB
 ──────────────────────────────────────────────────────────────────────────────

EXIT: convergence has been achieved.

