NewtonCG with backtrack line search.

CUTEst problem................: POWELLSG
Number of variables...........: 4
Maximum problem iterations....: 1000
Maximum subproblem iterations.: 1000
Maximum line search iterations: 1000
Time limit....................: 10 min

‾‾‾‾‾‾‾‾‾‾‾‾‾‾‾ summary statistics ‾‾‾‾‾‾‾‾‾‾‾‾‾‾‾‾
Objective.............: 4.436355e-13
Gradient norm.........: 4.482304e-09
Total iterations......: 25
Total time in seconds.: 0.000331
‾‾‾‾‾‾‾‾‾‾‾‾‾‾‾‾‾‾‾‾‾‾‾‾‾‾‾‾‾‾‾‾‾‾‾‾‾‾‾‾‾‾‾‾‾‾‾‾‾‾‾

‾‾‾‾‾‾‾‾‾‾‾‾‾‾‾‾ output statistics ‾‾‾‾‾‾‾‾‾‾‾‾‾‾‾‾
Number of objective function evaluations: 0
Number of gradient evaluations..........: 26
Number of hessian evaluations...........: 25
Subproblem iterations...................: 80
Subproblem time in seconds..............: 0.000135
How many times subproblem failed........: 0
Line search iterations..................: 0
Line search time in seconds.............: 0.000053
How many times line search failed.......: 0
‾‾‾‾‾‾‾‾‾‾‾‾‾‾‾‾‾‾‾‾‾‾‾‾‾‾‾‾‾‾‾‾‾‾‾‾‾‾‾‾‾‾‾‾‾‾‾‾‾‾‾

‾‾‾‾‾‾‾‾‾‾‾‾‾‾‾‾‾‾‾‾‾‾‾‾‾‾‾‾‾‾‾‾‾‾‾‾‾ superscription ‾‾‾‾‾‾‾‾‾‾‾‾‾‾‾‾‾‾‾‾‾‾‾‾‾‾‾‾‾‾‾‾‾‾‾‾‾
iter....: current iteration
f(x*)...: objective function avaluated at x(iter)
‖∇f(x)‖.: gradient norm used to calculate x(iter), so x in ‖∇f(x)‖ is equal to x(iter-1)
alpha...: step calculated by backtrack line search
‖d‖.....: search direction norm
‾‾‾‾‾‾‾‾‾‾‾‾‾‾‾‾‾‾‾‾‾‾‾‾‾‾‾‾‾‾‾‾‾‾‾‾‾‾‾‾‾‾‾‾‾‾‾‾‾‾‾‾‾‾‾‾‾‾‾‾‾‾‾‾‾‾‾‾‾‾‾‾‾‾‾‾‾‾‾‾‾‾‾‾‾‾‾‾‾‾
__________________________________________________________________________
iter    f(x*)            ‖∇f(x)‖          alpha            ‖d‖            
1       7.105522e+01     4.587766e+02     1.000000e+00     5.194420e-01   
2       1.966897e+01     1.588428e+02     1.000000e+00     5.566206e-01   
3       1.344498e+01     4.372030e+01     1.000000e+00     2.829023e-01   
4       1.260451e+01     2.158474e+01     1.000000e+00     9.135407e-01   
5       7.370819e+00     4.664158e+01     1.000000e+00     1.990417e-01   
6       4.760319e+00     1.840182e+01     1.000000e+00     2.708219e-01   
7       2.625550e-01     6.232868e+00     1.000000e+00     1.422215e+00   
8       1.628310e-01     3.282406e+00     1.000000e+00     7.017025e-02   
9       2.122757e-02     8.086505e-01     1.000000e+00     3.252666e-01   
10      1.667725e-02     4.405662e-01     1.000000e+00     2.114756e-02   
11      3.231033e-03     1.856894e-01     1.000000e+00     1.374251e-01   
12      6.364609e-04     9.029550e-02     1.000000e+00     8.176932e-02   
13      1.257207e-04     3.304652e-02     1.000000e+00     5.356093e-02   
14      2.483371e-05     9.791561e-03     1.000000e+00     3.570729e-02   
15      4.905425e-06     2.901203e-03     1.000000e+00     2.380486e-02   
16      9.689728e-07     8.596158e-04     1.000000e+00     1.586991e-02   
17      1.914020e-07     2.547010e-04     1.000000e+00     1.057994e-02   
18      3.780781e-08     7.546696e-05     1.000000e+00     7.053292e-03   
19      7.468209e-09     2.236058e-05     1.000000e+00     4.702194e-03   
20      1.475202e-09     6.625355e-06     1.000000e+00     3.134796e-03   
21      2.913979e-10     1.963061e-06     1.000000e+00     2.089864e-03   
22      5.756008e-11     5.816389e-07     1.000000e+00     1.393243e-03   
23      1.136989e-11     1.723242e-07     1.000000e+00     9.288285e-04   
24      2.245904e-12     5.105965e-08     1.000000e+00     6.192190e-04   
25      4.436355e-13     1.512987e-08     1.000000e+00     4.128127e-04   
‾‾‾‾‾‾‾‾‾‾‾‾‾‾‾‾‾‾‾‾‾‾‾‾‾‾‾‾‾‾‾‾‾‾‾‾‾‾‾‾‾‾‾‾‾‾‾‾‾‾‾‾‾‾‾‾‾‾‾‾‾‾‾‾‾‾‾‾‾‾‾‾‾‾
 ──────────────────────────────────────────────────────────────────────────────
                                       Time                   Allocations      
                               ──────────────────────   ───────────────────────
       Tot / % measured:            871μs / 38.0%            255KiB / 86.2%    

 Section               ncalls     time   %tot     avg     alloc   %tot      avg
 ──────────────────────────────────────────────────────────────────────────────
 newton_modified            1    331μs   100%   331μs    220KiB  100%    220KiB
   linear_solver           25    135μs  40.8%  5.40μs    119KiB  54.0%  4.75KiB
   backtrack_line_s...     25   52.8μs  15.9%  2.11μs   31.3KiB  14.2%  1.25KiB
 ──────────────────────────────────────────────────────────────────────────────

EXIT: convergence has been achieved.

