NewtonCG with backtrack line search.

CUTEst problem................: WATSON
Number of variables...........: 12
Maximum problem iterations....: 1000
Maximum subproblem iterations.: 1000
Maximum line search iterations: 1000
Time limit....................: 10 min

‾‾‾‾‾‾‾‾‾‾‾‾‾‾‾ summary statistics ‾‾‾‾‾‾‾‾‾‾‾‾‾‾‾‾
Objective.............: 2.489013e-09
Gradient norm.........: 9.579747e-09
Total iterations......: 34
Total time in seconds.: 0.008732
‾‾‾‾‾‾‾‾‾‾‾‾‾‾‾‾‾‾‾‾‾‾‾‾‾‾‾‾‾‾‾‾‾‾‾‾‾‾‾‾‾‾‾‾‾‾‾‾‾‾‾

‾‾‾‾‾‾‾‾‾‾‾‾‾‾‾‾ output statistics ‾‾‾‾‾‾‾‾‾‾‾‾‾‾‾‾
Number of objective function evaluations: 11
Number of gradient evaluations..........: 35
Number of hessian evaluations...........: 34
Subproblem iterations...................: 349
Subproblem time in seconds..............: 0.007718
How many times subproblem failed........: 0
Line search iterations..................: 11
Line search time in seconds.............: 0.000330
How many times line search failed.......: 0
‾‾‾‾‾‾‾‾‾‾‾‾‾‾‾‾‾‾‾‾‾‾‾‾‾‾‾‾‾‾‾‾‾‾‾‾‾‾‾‾‾‾‾‾‾‾‾‾‾‾‾

‾‾‾‾‾‾‾‾‾‾‾‾‾‾‾‾‾‾‾‾‾‾‾‾‾‾‾‾‾‾‾‾‾‾‾‾‾ superscription ‾‾‾‾‾‾‾‾‾‾‾‾‾‾‾‾‾‾‾‾‾‾‾‾‾‾‾‾‾‾‾‾‾‾‾‾‾
iter....: current iteration
f(x*)...: objective function avaluated at x(iter)
‖∇f(x)‖.: gradient norm used to calculate x(iter), so x in ‖∇f(x)‖ is equal to x(iter-1)
alpha...: step calculated by backtrack line search
‖d‖.....: search direction norm
‾‾‾‾‾‾‾‾‾‾‾‾‾‾‾‾‾‾‾‾‾‾‾‾‾‾‾‾‾‾‾‾‾‾‾‾‾‾‾‾‾‾‾‾‾‾‾‾‾‾‾‾‾‾‾‾‾‾‾‾‾‾‾‾‾‾‾‾‾‾‾‾‾‾‾‾‾‾‾‾‾‾‾‾‾‾‾‾‾‾
__________________________________________________________________________
iter    f(x*)            ‖∇f(x)‖          alpha            ‖d‖            
1       1.989123e+01     2.135930e+02     1.000000e+00     8.855805e-02   
2       4.787414e+00     6.139847e+01     1.000000e+00     4.365866e-01   
3       1.476568e+00     3.335851e+01     1.000000e+00     3.300097e-01   
4       1.256316e+00     2.121245e+01     1.000000e+00     2.058089e-02   
5       1.327090e-01     1.046469e+01     1.000000e+00     3.005177e-01   
6       1.134499e-01     6.516523e+00     1.000000e+00     5.897973e-03   
7       1.527348e-02     1.148650e+00     1.000000e+00     2.218473e-01   
8       1.095044e-02     3.018287e+00     1.000000e+00     2.862557e-03   
9       7.023408e-03     2.128165e-01     5.000000e-01     1.290458e-01   
10      5.981079e-03     1.508937e+00     1.000000e+00     1.380928e-03   
11      2.917050e-03     1.724556e-01     1.000000e+00     1.464904e-01   
12      1.187202e-03     2.010348e+00     1.000000e+00     1.719749e-03   
13      5.615041e-04     1.323897e-01     1.000000e+00     3.135968e-02   
14      4.964130e-04     3.837876e-01     1.000000e+00     3.391648e-04   
15      1.697001e-04     3.523422e-02     1.000000e+00     4.463723e-02   
16      1.356359e-05     5.799808e-03     1.000000e+00     1.380494e-01   
17      1.341961e-05     1.811347e-02     1.000000e+00     1.589842e-05   
18      1.562631e-07     1.234427e-03     1.000000e+00     2.065914e-01   
19      2.288448e-08     3.925740e-06     1.000000e+00     1.203453e+00   
20      1.415255e-08     5.781256e-06     1.000000e+00     2.138519e-01   
21      1.160741e-08     1.821577e-08     2.500000e-01     2.718989e+00   
22      9.360836e-09     2.268167e-03     1.000000e+00     1.980958e-06   
23      8.740340e-09     6.138596e-06     1.000000e+00     5.186386e-02   
24      8.113111e-09     1.029329e-08     1.000000e+00     2.354294e-01   
25      7.273060e-09     8.221986e-06     1.000000e+00     5.973008e-02   
26      6.862728e-09     1.854436e-08     1.000000e+00     1.508919e-01   
27      6.613192e-09     2.270500e-04     1.000000e+00     2.198083e-06   
28      5.161254e-09     1.478297e-07     6.250000e-02     7.831880e+00   
29      4.493550e-09     3.713983e-04     1.000000e+00     3.595621e-06   
30      3.170926e-09     2.163086e-06     1.000000e+00     5.302408e-01   
31      2.897546e-09     4.297801e-08     5.000000e-01     3.839694e-01   
32      2.716356e-09     1.753322e-04     1.000000e+00     8.626299e-06   
33      2.498947e-09     3.782010e-07     1.250000e-01     2.738966e+00   
34      2.489013e-09     3.703192e-06     1.000000e+00     7.817355e-04   
‾‾‾‾‾‾‾‾‾‾‾‾‾‾‾‾‾‾‾‾‾‾‾‾‾‾‾‾‾‾‾‾‾‾‾‾‾‾‾‾‾‾‾‾‾‾‾‾‾‾‾‾‾‾‾‾‾‾‾‾‾‾‾‾‾‾‾‾‾‾‾‾‾‾
 ──────────────────────────────────────────────────────────────────────────────
                                       Time                   Allocations      
                               ──────────────────────   ───────────────────────
       Tot / % measured:           9.38ms / 93.1%            917KiB / 95.0%    

 Section               ncalls     time   %tot     avg     alloc   %tot      avg
 ──────────────────────────────────────────────────────────────────────────────
 newton_modified            1   8.73ms   100%  8.73ms    871KiB  100%    871KiB
   linear_solver           34   7.72ms  88.4%   227μs    713KiB  81.8%  21.0KiB
   backtrack_line_s...     34    330μs  3.78%  9.71μs   62.8KiB  7.21%  1.85KiB
 ──────────────────────────────────────────────────────────────────────────────

EXIT: convergence has been achieved.

