‾‾‾‾‾‾‾‾‾‾‾‾‾‾‾‾‾‾‾‾‾‾‾‾‾‾‾‾‾‾‾‾‾‾‾‾‾ superscription ‾‾‾‾‾‾‾‾‾‾‾‾‾‾‾‾‾‾‾‾‾‾‾‾‾‾‾‾‾‾‾‾‾‾‾‾‾
iter....: current iteration
f(x*)...: objective function avaluated at x(iter)
‖∇f(x)‖.: gradient norm used to calculate x(iter), so x in ‖∇f(x)‖ is equal to x(iter-1)
alpha...: step calculated by backtrack line search
‖d‖.....: search direction norm
‾‾‾‾‾‾‾‾‾‾‾‾‾‾‾‾‾‾‾‾‾‾‾‾‾‾‾‾‾‾‾‾‾‾‾‾‾‾‾‾‾‾‾‾‾‾‾‾‾‾‾‾‾‾‾‾‾‾‾‾‾‾‾‾‾‾‾‾‾‾‾‾‾‾‾‾‾‾‾‾‾‾‾‾‾‾‾‾‾‾
__________________________________________________________________________________________
iter   f(x*)            ‖∇f(x)‖         sigma          
‾‾‾‾‾‾‾‾‾‾‾‾‾‾‾‾‾‾‾‾‾‾‾‾‾‾‾‾‾‾‾‾‾‾‾‾‾‾‾‾‾‾‾‾‾‾‾‾‾‾‾‾‾‾‾‾‾‾‾‾‾‾‾‾‾‾‾‾‾‾‾‾‾‾‾‾‾‾‾‾‾‾‾‾‾‾‾‾‾‾
1      -9.685767e+12    1.378683e+07    0.000000e+00   
2      -9.643161e+11    4.341215e+06    1.000000e-07   
3      -9.571123e+10    1.358717e+06    1.000000e-06   
4      -9.136390e+09    4.111150e+05    1.000000e-05   
5      -8.013384e+08    1.137118e+05    1.000000e-04   
6      -5.293867e+07    2.294749e+04    1.000000e-03   
7      -1.490970e+06    1.263913e+03    1.000000e-02   
8      -1.674034e+04    1.153286e-02    1.000000e-01   
9      -2.432136e+02    1.947969e-06    1.000000e+00   
10     -3.197792e+00    5.497436e-08    1.000000e+01   
11     3.093240e-03     2.734488e-16    0.000000e+00   
12     -9.493097e-05    4.440892e-16    0.000000e+00   
13     -2.489476e-05    8.471776e-17    0.000000e+00   
14     -4.215062e-10    0.000000e+00    0.000000e+00   
15     -1.993895e-15    8.655085e-20    0.000000e+00   
16     2.418904e-19     3.580280e-09    0.000000e+00   


‾‾‾‾‾‾‾‾‾‾‾‾‾‾‾ summary statistics ‾‾‾‾‾‾‾‾‾‾‾‾‾‾‾‾
Total iterations......: 17
AF....................: 32
AG....................: 33
AH....................: 16
f(x*).................: 0.000000e+00
‖∇f(x)‖...............: 0.000000e+00
sigma.................: 0.000000e+00
stop..................: Converged
‾‾‾‾‾‾‾‾‾‾‾‾‾‾‾‾‾‾‾‾‾‾‾‾‾‾‾‾‾‾‾‾‾‾‾‾‾‾‾‾‾‾‾‾‾‾‾‾‾‾‾

