‾‾‾‾‾‾‾‾‾‾‾‾‾‾‾‾‾‾‾‾‾‾‾‾‾‾‾‾‾‾‾‾‾‾‾‾‾ superscription ‾‾‾‾‾‾‾‾‾‾‾‾‾‾‾‾‾‾‾‾‾‾‾‾‾‾‾‾‾‾‾‾‾‾‾‾‾
iter....: current iteration
f(x*)...: objective function avaluated at x(iter)
‖∇f(x)‖.: gradient norm used to calculate x(iter), so x in ‖∇f(x)‖ is equal to x(iter-1)
alpha...: step calculated by backtrack line search
‖d‖.....: search direction norm
‾‾‾‾‾‾‾‾‾‾‾‾‾‾‾‾‾‾‾‾‾‾‾‾‾‾‾‾‾‾‾‾‾‾‾‾‾‾‾‾‾‾‾‾‾‾‾‾‾‾‾‾‾‾‾‾‾‾‾‾‾‾‾‾‾‾‾‾‾‾‾‾‾‾‾‾‾‾‾‾‾‾‾‾‾‾‾‾‾‾
__________________________________________________________________________________________
iter   f(x*)            ‖∇f(x)‖         sigma          
‾‾‾‾‾‾‾‾‾‾‾‾‾‾‾‾‾‾‾‾‾‾‾‾‾‾‾‾‾‾‾‾‾‾‾‾‾‾‾‾‾‾‾‾‾‾‾‾‾‾‾‾‾‾‾‾‾‾‾‾‾‾‾‾‾‾‾‾‾‾‾‾‾‾‾‾‾‾‾‾‾‾‾‾‾‾‾‾‾‾
1      -7.852248e+08    1.199957e+02    0.000000e+00   
2      -2.581968e+06    1.432791e+02    1.000000e-07   
3      -4.901776e+04    2.584214e+01    1.000000e-06   
4      -7.988999e+02    3.008026e-01    1.000000e-05   
5      -9.497113e+00    8.857254e-07    1.000000e-04   
6      2.429633e-02     9.871250e-09    1.000000e-03   
7      6.296942e-02     2.220463e-16    0.000000e+00   
8      1.003940e-02     3.002237e-16    0.000000e+00   
9      3.397960e-03     1.112389e-16    0.000000e+00   
10     3.992712e-05     3.470057e-17    0.000000e+00   
11     8.306864e-09     1.085557e-18    0.000000e+00   
12     1.922235e-15     6.777091e-21    0.000000e+00   
13     8.361206e-19     3.761003e-10    0.000000e+00   


‾‾‾‾‾‾‾‾‾‾‾‾‾‾‾ summary statistics ‾‾‾‾‾‾‾‾‾‾‾‾‾‾‾‾
Total iterations......: 14
AF....................: 14
AG....................: 14
AH....................: 0
f(x*).................: 8.361206e-19
‖∇f(x)‖...............: 3.761003e-10
sigma.................: 0.000000e+00
stop..................: 0
‾‾‾‾‾‾‾‾‾‾‾‾‾‾‾‾‾‾‾‾‾‾‾‾‾‾‾‾‾‾‾‾‾‾‾‾‾‾‾‾‾‾‾‾‾‾‾‾‾‾‾

