‾‾‾‾‾‾‾‾‾‾‾‾‾‾‾‾‾‾‾‾‾‾‾‾‾‾‾‾‾‾‾‾‾‾‾‾‾ superscription ‾‾‾‾‾‾‾‾‾‾‾‾‾‾‾‾‾‾‾‾‾‾‾‾‾‾‾‾‾‾‾‾‾‾‾‾‾
iter....: current iteration
f(x*)...: objective function avaluated at x(iter)
‖∇f(x)‖.: gradient norm used to calculate x(iter), so x in ‖∇f(x)‖ is equal to x(iter-1)
alpha...: step calculated by backtrack line search
‖d‖.....: search direction norm
‾‾‾‾‾‾‾‾‾‾‾‾‾‾‾‾‾‾‾‾‾‾‾‾‾‾‾‾‾‾‾‾‾‾‾‾‾‾‾‾‾‾‾‾‾‾‾‾‾‾‾‾‾‾‾‾‾‾‾‾‾‾‾‾‾‾‾‾‾‾‾‾‾‾‾‾‾‾‾‾‾‾‾‾‾‾‾‾‾‾
__________________________________________________________________________________________
iter   f(x*)            ‖∇f(x)‖         sigma          
‾‾‾‾‾‾‾‾‾‾‾‾‾‾‾‾‾‾‾‾‾‾‾‾‾‾‾‾‾‾‾‾‾‾‾‾‾‾‾‾‾‾‾‾‾‾‾‾‾‾‾‾‾‾‾‾‾‾‾‾‾‾‾‾‾‾‾‾‾‾‾‾‾‾‾‾‾‾‾‾‾‾‾‾‾‾‾‾‾‾
1      3.402399e-01     8.219580e-06    1.000000e-07   
2      7.355657e+06     2.785090e-01    5.000000e+06   
3      -6.013884e+06    2.194623e-01    0.000000e+00   


‾‾‾‾‾‾‾‾‾‾‾‾‾‾‾ summary statistics ‾‾‾‾‾‾‾‾‾‾‾‾‾‾‾‾
Total iterations......: 4
AF....................: 21
AG....................: 19
AH....................: 0
f(x*).................: -6.013884e+06
‖∇f(x)‖...............: 2.194623e-01
sigma.................: 0.000000e+00
stop..................: 2
‾‾‾‾‾‾‾‾‾‾‾‾‾‾‾‾‾‾‾‾‾‾‾‾‾‾‾‾‾‾‾‾‾‾‾‾‾‾‾‾‾‾‾‾‾‾‾‾‾‾‾

