‾‾‾‾‾‾‾‾‾‾‾‾‾‾‾‾‾‾‾‾‾‾‾‾‾‾‾‾‾‾‾‾‾‾‾‾‾ superscription ‾‾‾‾‾‾‾‾‾‾‾‾‾‾‾‾‾‾‾‾‾‾‾‾‾‾‾‾‾‾‾‾‾‾‾‾‾
iter....: current iteration
f(x*)...: objective function avaluated at x(iter)
‖∇f(x)‖.: gradient norm used to calculate x(iter), so x in ‖∇f(x)‖ is equal to x(iter-1)
alpha...: step calculated by backtrack line search
‖d‖.....: search direction norm
‾‾‾‾‾‾‾‾‾‾‾‾‾‾‾‾‾‾‾‾‾‾‾‾‾‾‾‾‾‾‾‾‾‾‾‾‾‾‾‾‾‾‾‾‾‾‾‾‾‾‾‾‾‾‾‾‾‾‾‾‾‾‾‾‾‾‾‾‾‾‾‾‾‾‾‾‾‾‾‾‾‾‾‾‾‾‾‾‾‾
__________________________________________________________________________________________
iter   f(x*)            ‖∇f(x)‖         sigma          
‾‾‾‾‾‾‾‾‾‾‾‾‾‾‾‾‾‾‾‾‾‾‾‾‾‾‾‾‾‾‾‾‾‾‾‾‾‾‾‾‾‾‾‾‾‾‾‾‾‾‾‾‾‾‾‾‾‾‾‾‾‾‾‾‾‾‾‾‾‾‾‾‾‾‾‾‾‾‾‾‾‾‾‾‾‾‾‾‾‾
1      9.999961e+11     7.329259e-02    1.000000e+06   
2      9.999925e+11     6.924810e+00    5.000000e+05   
3      9.999874e+11     5.376688e-01    0.000000e+00   
4      9.999802e+11     3.408642e-01    0.000000e+00   
5      9.999700e+11     1.106604e+00    0.000000e+00   
6      9.999555e+11     6.068964e+00    0.000000e+00   
7      9.999351e+11     1.265809e+00    0.000000e+00   
8      9.999062e+11     1.071675e-01    0.000000e+00   
9      9.998654e+11     3.878328e+00    0.000000e+00   
10     9.998077e+11     9.035148e-01    0.000000e+00   
11     9.997260e+11     4.819305e+00    0.000000e+00   
12     9.996105e+11     3.332883e-01    4.882813e+02   
13     9.994473e+11     3.475112e+00    2.441406e+02   
14     9.992164e+11     3.334358e+00    1.220703e+02   
15     9.988899e+11     3.610246e+01    6.103516e+01   
16     9.984284e+11     6.807206e+01    3.051758e+01   
17     9.977760e+11     9.363262e+03    1.525879e+01   
18     9.968523e+11     3.467323e+03    7.629395e+00   
19     9.955531e+11     1.789248e+05    3.814697e+00   
20     9.936472e+11     2.491879e+04    1.907349e+00   
21     9.911078e+11     5.218582e+05    0.000000e+00   
22     9.870449e+11     6.745320e+04    4.768372e-01   
23     9.822271e+11     9.331523e+05    2.384186e-01   
24     9.734840e+11     1.141365e+05    0.000000e+00   
25     9.644186e+11     1.207018e+06    5.960464e-02   
26     9.462617e+11     1.546094e+05    0.000000e+00   
27     9.291656e+11     1.325412e+06    1.490116e-02   
28     8.931949e+11     1.925425e+05    0.000000e+00   
29     8.612525e+11     1.303075e+06    3.725290e-03   
30     7.942490e+11     2.370825e+05    0.000000e+00   
31     7.369371e+11     1.137864e+06    9.313226e-04   
32     6.243143e+11     2.932118e+05    0.000000e+00   
33     5.318568e+11     8.157381e+05    2.328306e-04   
34     4.484177e+11     2.311877e+06    0.000000e+00   
35     1.867775e+11     1.788264e+05    0.000000e+00   
36     1.043382e+11     6.757402e+05    0.000000e+00   
37     -4.503597e+03    5.820766e-11    0.000000e+00   
38     6.556262e-05     0.000000e+00    0.000000e+00   
39     6.776264e-21     9.965500e-10    0.000000e+00   
40     1.681558e-44     2.548848e-32    0.000000e+00   


‾‾‾‾‾‾‾‾‾‾‾‾‾‾‾ summary statistics ‾‾‾‾‾‾‾‾‾‾‾‾‾‾‾‾
Total iterations......: 41
AF....................: 90
AG....................: 73
AH....................: 0
f(x*).................: 1.681558e-44
‖∇f(x)‖...............: 2.548848e-32
sigma.................: 0.000000e+00
stop..................: 0
‾‾‾‾‾‾‾‾‾‾‾‾‾‾‾‾‾‾‾‾‾‾‾‾‾‾‾‾‾‾‾‾‾‾‾‾‾‾‾‾‾‾‾‾‾‾‾‾‾‾‾

