‾‾‾‾‾‾‾‾‾‾‾‾‾‾‾‾‾‾‾‾‾‾‾‾‾‾‾‾‾‾‾‾‾‾‾‾‾ superscription ‾‾‾‾‾‾‾‾‾‾‾‾‾‾‾‾‾‾‾‾‾‾‾‾‾‾‾‾‾‾‾‾‾‾‾‾‾
iter....: current iteration
f(x*)...: objective function avaluated at x(iter)
‖∇f(x)‖.: gradient norm used to calculate x(iter), so x in ‖∇f(x)‖ is equal to x(iter-1)
alpha...: step calculated by backtrack line search
‖d‖.....: search direction norm
‾‾‾‾‾‾‾‾‾‾‾‾‾‾‾‾‾‾‾‾‾‾‾‾‾‾‾‾‾‾‾‾‾‾‾‾‾‾‾‾‾‾‾‾‾‾‾‾‾‾‾‾‾‾‾‾‾‾‾‾‾‾‾‾‾‾‾‾‾‾‾‾‾‾‾‾‾‾‾‾‾‾‾‾‾‾‾‾‾‾
__________________________________________________________________________________________
iter   f(x*)            ‖∇f(x)‖         sigma          
‾‾‾‾‾‾‾‾‾‾‾‾‾‾‾‾‾‾‾‾‾‾‾‾‾‾‾‾‾‾‾‾‾‾‾‾‾‾‾‾‾‾‾‾‾‾‾‾‾‾‾‾‾‾‾‾‾‾‾‾‾‾‾‾‾‾‾‾‾‾‾‾‾‾‾‾‾‾‾‾‾‾‾‾‾‾‾‾‾‾
1      -1.668832e+17    2.064304e+10    0.000000e+00   
2      -1.740181e+16    6.664922e+09    1.000000e-07   
3      -1.741676e+15    2.107327e+09    1.000000e-06   
4      -1.673089e+14    6.519282e+08    1.000000e-05   
5      -1.698996e+13    2.065248e+08    1.000000e-04   
6      -1.925325e+12    6.810742e+07    1.000000e-03   
7      -1.431212e+11    1.750900e+07    1.000000e-02   
8      -1.012745e+10    3.745305e+06    1.000000e-01   
9      -3.159958e+08    2.492368e+05    1.000000e+00   
10     -3.587011e+06    1.555459e+01    1.000000e+01   
11     -4.492385e+04    3.305246e-04    1.000000e+02   
12     2.422912e+02     2.193570e-04    1.000000e+03   
13     1.238357e+02     2.036476e-06    0.000000e+00   
14     -3.427731e+00    1.222709e-06    0.000000e+00   
15     4.502585e-01     3.088615e-08    0.000000e+00   
16     2.100087e-03     6.028020e-14    0.000000e+00   
17     -1.251539e-02    0.000000e+00    0.000000e+00   
18     -8.088975e-06    2.502470e-15    0.000000e+00   
19     7.425561e-10     1.100559e-17    0.000000e+00   
20     4.478039e-18     9.252659e-19    0.000000e+00   
21     2.255008e-23     5.575461e-11    0.000000e+00   


‾‾‾‾‾‾‾‾‾‾‾‾‾‾‾ summary statistics ‾‾‾‾‾‾‾‾‾‾‾‾‾‾‾‾
Total iterations......: 22
AF....................: 42
AG....................: 43
AH....................: 21
f(x*).................: 0.000000e+00
‖∇f(x)‖...............: 0.000000e+00
sigma.................: 0.000000e+00
stop..................: Converged
‾‾‾‾‾‾‾‾‾‾‾‾‾‾‾‾‾‾‾‾‾‾‾‾‾‾‾‾‾‾‾‾‾‾‾‾‾‾‾‾‾‾‾‾‾‾‾‾‾‾‾

