‾‾‾‾‾‾‾‾‾‾‾‾‾‾‾‾‾‾‾‾‾‾‾‾‾‾‾‾‾‾‾‾‾‾‾‾‾ superscription ‾‾‾‾‾‾‾‾‾‾‾‾‾‾‾‾‾‾‾‾‾‾‾‾‾‾‾‾‾‾‾‾‾‾‾‾‾
iter....: current iteration
f(x*)...: objective function avaluated at x(iter)
‖∇f(x)‖.: gradient norm used to calculate x(iter), so x in ‖∇f(x)‖ is equal to x(iter-1)
alpha...: step calculated by backtrack line search
‖d‖.....: search direction norm
‾‾‾‾‾‾‾‾‾‾‾‾‾‾‾‾‾‾‾‾‾‾‾‾‾‾‾‾‾‾‾‾‾‾‾‾‾‾‾‾‾‾‾‾‾‾‾‾‾‾‾‾‾‾‾‾‾‾‾‾‾‾‾‾‾‾‾‾‾‾‾‾‾‾‾‾‾‾‾‾‾‾‾‾‾‾‾‾‾‾
__________________________________________________________________________________________
iter   f(x*)            ‖∇f(x)‖         sigma          
‾‾‾‾‾‾‾‾‾‾‾‾‾‾‾‾‾‾‾‾‾‾‾‾‾‾‾‾‾‾‾‾‾‾‾‾‾‾‾‾‾‾‾‾‾‾‾‾‾‾‾‾‾‾‾‾‾‾‾‾‾‾‾‾‾‾‾‾‾‾‾‾‾‾‾‾‾‾‾‾‾‾‾‾‾‾‾‾‾‾
1      -1.852775e+18    1.286703e+11    0.000000e+00   
2      -6.488746e+19    7.602845e+11    1.000000e-07   
3      -1.914136e+16    1.307321e+10    1.000000e-06   
4      -2.470611e+15    4.691429e+09    1.000000e-05   
5      -1.975346e+14    1.322723e+09    1.000000e-04   
6      -5.596635e+13    6.901539e+08    1.000000e-03   
7      -1.912207e+12    1.247848e+08    1.000000e-02   
8      -6.392662e+11    4.947600e+07    1.000000e-01   
9      -8.127645e+09    4.972094e+06    1.000000e+00   
10     -1.480107e+08    7.626817e+04    1.000000e+01   
11     -1.487948e+06    1.853868e-02    1.000000e+02   
12     -1.497606e+04    2.726631e-04    1.000000e+03   
13     -1.591311e+02    1.323281e-04    1.000000e+04   
14     1.309628e+119    8.381613e+121   0.000000e+00   
15     1.309628e+119    8.381613e+121   0.000000e+00   
16     1.309628e+119    8.381613e+121   0.000000e+00   
17     1.309628e+119    8.381613e+121   0.000000e+00   
18     1.309628e+119    8.381613e+121   0.000000e+00   


‾‾‾‾‾‾‾‾‾‾‾‾‾‾‾ summary statistics ‾‾‾‾‾‾‾‾‾‾‾‾‾‾‾‾
Total iterations......: 19
AF....................: 24
AG....................: 19
AH....................: 0
f(x*).................: 1.309628e+119
‖∇f(x)‖...............: 8.381613e+121
sigma.................: 0.000000e+00
stop..................: 2
‾‾‾‾‾‾‾‾‾‾‾‾‾‾‾‾‾‾‾‾‾‾‾‾‾‾‾‾‾‾‾‾‾‾‾‾‾‾‾‾‾‾‾‾‾‾‾‾‾‾‾

