‾‾‾‾‾‾‾‾‾‾‾‾‾‾‾‾‾‾‾‾‾‾‾‾‾‾‾‾‾‾‾‾‾‾‾‾‾ superscription ‾‾‾‾‾‾‾‾‾‾‾‾‾‾‾‾‾‾‾‾‾‾‾‾‾‾‾‾‾‾‾‾‾‾‾‾‾
iter....: current iteration
f(x*)...: objective function avaluated at x(iter)
‖∇f(x)‖.: gradient norm used to calculate x(iter), so x in ‖∇f(x)‖ is equal to x(iter-1)
alpha...: step calculated by backtrack line search
‖d‖.....: search direction norm
‾‾‾‾‾‾‾‾‾‾‾‾‾‾‾‾‾‾‾‾‾‾‾‾‾‾‾‾‾‾‾‾‾‾‾‾‾‾‾‾‾‾‾‾‾‾‾‾‾‾‾‾‾‾‾‾‾‾‾‾‾‾‾‾‾‾‾‾‾‾‾‾‾‾‾‾‾‾‾‾‾‾‾‾‾‾‾‾‾‾
__________________________________________________________________________________________
iter   f(x*)            ‖∇f(x)‖         sigma          
‾‾‾‾‾‾‾‾‾‾‾‾‾‾‾‾‾‾‾‾‾‾‾‾‾‾‾‾‾‾‾‾‾‾‾‾‾‾‾‾‾‾‾‾‾‾‾‾‾‾‾‾‾‾‾‾‾‾‾‾‾‾‾‾‾‾‾‾‾‾‾‾‾‾‾‾‾‾‾‾‾‾‾‾‾‾‾‾‾‾
1      1.085514e+16     6.799876e+00    0.000000e+00   
2      2.144225e+15     1.289356e+00    0.000000e+00   
3      4.235507e+14     1.167942e+00    0.000000e+00   
4      8.366434e+13     9.264592e-02    0.000000e+00   
5      1.652629e+13     1.710392e-02    0.000000e+00   
6      3.264453e+12     1.267441e-02    0.000000e+00   
7      6.448304e+11     2.145445e-03    0.000000e+00   
8      1.273740e+11     1.215737e-03    0.000000e+00   
9      2.516034e+10     3.558306e-04    0.000000e+00   
10     4.969961e+09     9.655368e-05    0.000000e+00   
11     9.817287e+08     1.098095e-05    0.000000e+00   
12     1.939253e+08     5.969553e-06    0.000000e+00   
13     3.830782e+07     7.568599e-07    0.000000e+00   
14     7.567682e+06     3.591327e-07    0.000000e+00   
15     1.495164e+06     5.654053e-07    0.000000e+00   
16     2.954804e+05     1.596135e-08    0.000000e+00   
17     5.842835e+04     1.717053e-08    0.000000e+00   
18     1.156882e+04     3.894198e-09    0.000000e+00   
19     2.297314e+03     1.655874e-09    0.000000e+00   
20     4.591065e+02     1.519460e-09    0.000000e+00   
21     9.298198e+01     1.425786e-09    0.000000e+00   
22     1.931914e+01     1.417031e-09    0.000000e+00   
23     4.174402e+00     1.415810e-09    0.000000e+00   
24     9.243828e-01     1.415305e-09    0.000000e+00   
25     1.807856e-01     1.415209e-09    0.000000e+00   
26     1.660142e-02     1.415268e-09    0.000000e+00   
27     6.932420e-05     1.415247e-09    0.000000e+00   
28     9.118422e-12     1.415245e-09    0.000000e+00   
29     5.007293e-19     1.415245e-09    0.000000e+00   
30     5.368568e-29     3.295856e-17    0.000000e+00   


‾‾‾‾‾‾‾‾‾‾‾‾‾‾‾ summary statistics ‾‾‾‾‾‾‾‾‾‾‾‾‾‾‾‾
Total iterations......: 31
AF....................: 47
AG....................: 31
AH....................: 0
f(x*).................: 5.368568e-29
‖∇f(x)‖...............: 3.295856e-17
sigma.................: 0.000000e+00
stop..................: 0
‾‾‾‾‾‾‾‾‾‾‾‾‾‾‾‾‾‾‾‾‾‾‾‾‾‾‾‾‾‾‾‾‾‾‾‾‾‾‾‾‾‾‾‾‾‾‾‾‾‾‾

